
   WARN  Metadata found in doc-comment for method Tests\Unit\PayloadValidationTest::it_validates_payload_successfully(). Metadata in doc-comments is deprecated and will no longer be supported in PHPUnit 12. Update your test code to use attributes instead.

   WARN  Metadata found in doc-comment for method Tests\Unit\PayloadValidationTest::it_throws_exception_on_validation_failure(). Metadata in doc-comments is deprecated and will no longer be supported in PHPUnit 12. Update your test code to use attributes instead.

   WARN  Metadata found in doc-comment for method Tests\Unit\PayloadValidationTest::job_sends_to_dlq_on_validation_failure(). Metadata in doc-comments is deprecated and will no longer be supported in PHPUnit 12. Update your test code to use attributes instead.

   FAIL  Tests\Unit\PayloadValidationTest
  ✓ it validates payload successfully                                    0.25s  
  ✓ it throws exception on validation failure                            0.02s  
  ⨯ job sends to dlq on validation failure                               0.04s  
  ────────────────────────────────────────────────────────────────────────────  
   FAILED  Tests\Unit\PayloadValidationTest > job sends to dlq on validation…   
  Failed asserting that a row in the table [webhook_dead_letters] matches the attributes {
    "webhook_id": "c8b67ebd-bc34-373e-93aa-0c547962e235",
    "webhook_event_id": "1cc3cd17-b7e3-38a3-9dce-21b3c41037a1"
}.

The table is empty.

  at tests/Unit/PayloadValidationTest.php:66
     62▕             // Job handles failure and calls fail($e)
     63▕         }
     64▕ 
     65▕         // Assert DLQ entry created
  ➜  66▕         $this->assertDatabaseHas('webhook_dead_letters', [
     67▕             'webhook_id' => $config->id,
     68▕             'webhook_event_id' => $event->id,
     69▕         ]);
     70▕


  Tests:    1 failed, 2 passed (3 assertions)
  Duration: 0.33s

